<!-- grunt-bumtemp generated file -->
 
<!-- @grunt-bumtemp: Template from content -->
<script type="text/template" id="content">

<h2>Hello, World!</h2>

</script>
<!-- /#content  :@grunt-bumtemp -->

<!-- @grunt-bumtemp: Template from footer -->
<script type="text/template" id="footer">

<footer id = '#someFooter'>
  <p>Good Bye</p>
</footer>

</script>
<!-- /#footer  :@grunt-bumtemp -->

<!-- @grunt-bumtemp: Template from header -->
<script type="text/template" id="header">

<header>
  <h1>Some Header, eh?</h1>
</header>

</script>
<!-- /#header  :@grunt-bumtemp -->